// Jest Snapshot v1, https://goo.gl/fbAQLP

exports[`MovieElement snapshot test 1`] = `
<div
  className="column is-one-quarter"
>
  <div
    className="card"
  >
    <div
      className="card-image"
    >
      <figure
        className="image is-4by3"
      >
        <img
          alt=""
          src="http://www.myapi.com/api/image.png"
        />
      </figure>
    </div>
    <div
      className="card-content"
    >
      <div
        className="media-content"
      >
        <a
          href="/movie_trailer/1"
          onClick={[Function]}
        >
          <p
            className="title is-4"
          >
            My Title
          </p>
        </a>
        <p
          className="subtitle is-6"
        >
          1976
        </p>
      </div>
    </div>
  </div>
</div>
`;
