// Jest Snapshot v1, https://goo.gl/fbAQLP

exports[`MovieTrailerPlayer snapshot test 1`] = `
<section
  className="section is-medium"
>
  <div
    className="container"
  >
    <div
      className="card"
    >
      <div
        className="card-image"
      >
        <div
          className="videoWrapper"
        >
          <iframe
            allow="autoplay"
            allowFullScreen={true}
            frameBorder="0"
            src="https://www.youtube.com/embed/undefined"
            title="video"
            width="100%"
          />
        </div>
      </div>
      <div
        className="card-content"
      >
        <div
          className="media-content"
        >
          <p
            className="title is-4"
          >
            
          </p>
          <p
            className="subtitle is-6"
          >
            
          </p>
        </div>
      </div>
    </div>
  </div>
</section>
`;
